
> frontend@0.1.0 dev
> next dev

▲ Next.js 16.2.3 (Turbopack)
- Local:         http://localhost:3000
- Network:       http://10.144.198.194:3000
✓ Ready in 1509ms

⚠ Blocked cross-origin request to Next.js dev resource /_next/webpack-hmr from "10.144.198.194".
Cross-origin access to Next.js dev resources is blocked by default for safety.

To allow this host in development, add it to "allowedDevOrigins" in next.config.js and restart the dev server:

// next.config.js
module.exports = {
  allowedDevOrigins: ['10.144.198.194'],
}

Read more: https://nextjs.org/docs/app/api-reference/config/next-config-js/allowedDevOrigins
 GET / 200 in 8.0s (next.js: 1539ms, application-code: 6.5s)
 GET / 200 in 7.9s (next.js: 3.1s, application-code: 4.8s)
 GET / 200 in 3.1s (next.js: 48ms, application-code: 3.1s)
 GET / 200 in 1563ms (next.js: 89ms, application-code: 1474ms)
[browser] AdSense head tag doesn't support data-nscript attribute. (https://pagead2.googlesyndication.com/pagead/js/adsbygoogle.js?client=ca-pub-2777699093936446:221:302)
[browser] AdSense head tag doesn't support data-nscript attribute. (https://pagead2.googlesyndication.com/pagead/js/adsbygoogle.js?client=ca-pub-2777699093936446:221:302)
[browser] AdSense head tag doesn't support data-nscript attribute. (https://pagead2.googlesyndication.com/pagead/js/adsbygoogle.js?client=ca-pub-2777699093936446:221:302)
 GET / 200 in 885ms (next.js: 24ms, application-code: 861ms)
[browser] AdSense head tag doesn't support data-nscript attribute. (https://pagead2.googlesyndication.com/pagead/js/adsbygoogle.js?client=ca-pub-2777699093936446:222:302)
 GET /laptops/hp-envy-x360-15 200 in 3.1s (next.js: 1841ms, application-code: 1265ms)
 GET / 200 in 535ms (next.js: 43ms, application-code: 492ms)
 GET /news 200 in 1085ms (next.js: 160ms, application-code: 925ms)
 GET / 200 in 1171ms (next.js: 47ms, application-code: 1124ms)
 GET /news/apple-announces-new-m4-chips 200 in 5.3s (next.js: 3.9s, application-code: 1312ms)
