Watching for file changes with StatReloader
[12/Apr/2026 13:03:25] "GET /api/v1/home/ HTTP/1.1" 200 10075
[12/Apr/2026 13:03:25] "GET /api/v1/home/ HTTP/1.1" 200 10075
[12/Apr/2026 13:03:26] "GET /media/brands/asus.png HTTP/1.1" 304 0
[12/Apr/2026 13:03:26] "GET /media/brands/dell.png HTTP/1.1" 304 0
[12/Apr/2026 13:03:26] "GET /media/brands/apple.png HTTP/1.1" 304 0
[12/Apr/2026 13:03:26] "GET /media/brands/lenovo.png HTTP/1.1" 304 0
[12/Apr/2026 13:03:26] "GET /media/brands/hp.png HTTP/1.1" 304 0
[12/Apr/2026 13:03:27] "GET /media/brands/dell.png HTTP/1.1" 304 0
[12/Apr/2026 13:03:27] "GET /media/brands/asus.png HTTP/1.1" 304 0
[12/Apr/2026 13:03:27] "GET /media/brands/apple.png HTTP/1.1" 304 0
[12/Apr/2026 13:03:27] "GET /media/brands/lenovo.png HTTP/1.1" 304 0
[12/Apr/2026 13:03:27] "GET /media/brands/hp.png HTTP/1.1" 304 0
[12/Apr/2026 13:03:28] "GET /media/laptops/apple_m3_14.png HTTP/1.1" 200 550543
[12/Apr/2026 13:03:28] "GET /media/laptops/msi_cyborg.png HTTP/1.1" 200 575757
[12/Apr/2026 13:03:29] "GET /media/brands/apple.png HTTP/1.1" 304 0
[12/Apr/2026 13:03:29] "GET /media/brands/dell.png HTTP/1.1" 304 0
[12/Apr/2026 13:03:29] "GET /media/brands/lenovo.png HTTP/1.1" 304 0
[12/Apr/2026 13:03:29] "GET /media/brands/asus.png HTTP/1.1" 304 0
[12/Apr/2026 13:03:29] "GET /media/brands/hp.png HTTP/1.1" 304 0
[12/Apr/2026 13:03:37] "GET /media/laptops/apple_m3_14.png HTTP/1.1" 200 550543
[12/Apr/2026 13:03:37] "GET /media/laptops/msi_cyborg.png HTTP/1.1" 200 575757
[12/Apr/2026 13:03:38] "GET /media/laptops/hp_envy.png HTTP/1.1" 200 550543
[12/Apr/2026 13:03:38] "GET /media/laptops/dell_alienware.png HTTP/1.1" 200 488168
[12/Apr/2026 13:03:38] "GET /media/laptops/acer_swift.png HTTP/1.1" 200 482965
[12/Apr/2026 13:03:38] "GET /media/laptops/asus_tuf.png HTTP/1.1" 200 575757
[12/Apr/2026 13:03:48] "GET /api/v1/laptops/hp-envy-x360-15/ HTTP/1.1" 200 2121
[12/Apr/2026 13:03:48] "GET /api/v1/solutions/?limit=3 HTTP/1.1" 200 1248
[12/Apr/2026 13:03:48] "GET /api/v1/news/?limit=3 HTTP/1.1" 200 1284
[12/Apr/2026 13:03:48] "GET /api/v1/reviews/?limit=3 HTTP/1.1" 200 14565
[12/Apr/2026 13:03:49] "GET /media/laptops/hp_envy.png HTTP/1.1" 304 0
[12/Apr/2026 13:03:49] "GET /api/v1/user-reviews/?laptop=23 HTTP/1.1" 200 2
[12/Apr/2026 13:03:49] "GET /api/v1/user-reviews/?laptop=23 HTTP/1.1" 200 2
[12/Apr/2026 13:03:59] "GET /api/v1/news/ HTTP/1.1" 200 1284
[12/Apr/2026 13:04:00] "GET /media/laptops/hp_envy.png HTTP/1.1" 200 550543
[12/Apr/2026 13:04:00] "GET /media/laptops/dell_alienware.png HTTP/1.1" 200 488168
[12/Apr/2026 13:04:01] "GET /media/laptops/asus_tuf.png HTTP/1.1" 200 575757
[12/Apr/2026 13:04:01] "GET /media/laptops/acer_swift.png HTTP/1.1" 200 482965
[12/Apr/2026 13:04:19] "GET /api/v1/news/apple-announces-new-m4-chips/ HTTP/1.1" 200 1282
[12/Apr/2026 13:04:19] "GET /api/v1/laptops/?limit=3 HTTP/1.1" 200 14977
[12/Apr/2026 13:04:20] "GET /media/laptops/msi_cyborg.png HTTP/1.1" 304 0
[12/Apr/2026 13:04:20] "GET /media/laptops/acer_swift.png HTTP/1.1" 304 0
[12/Apr/2026 13:04:20] "GET /media/laptops/dell_alienware.png HTTP/1.1" 304 0
